// Jest Snapshot v1, https://goo.gl/fbAQLP

exports[`Blank render snapshot 1`] = `
<View
  style={
    [
      {
        "backgroundColor": "#FFFFFF",
        "borderTopColor": "#EFF3F9",
        "borderTopWidth": 1,
        "height": {
          "interpolate": [MockFunction],
          "setValue": [MockFunction],
        },
        "overflow": "hidden",
        "paddingBottom": 0,
      },
      undefined,
    ]
  }
>
  <Text>
    Content
  </Text>
</View>
`;
